// Jest Snapshot v1, https://goo.gl/fbAQLP

exports[`<UserListContainer /> <ConnectedUserListContainer /> should render connected component 1`] = `
<withRouter(WithWidth)
  dispatch={[Function]}
  params={
    Object {
      "username": "123",
    }
  }
  router={
    Object {
      "go": [Function],
      "goBack": [Function],
      "goForward": [Function],
      "isActive": [Function],
      "push": [Function],
      "replace": [Function],
      "setRouteLeaveHook": [Function],
    }
  }
  store={
    Object {
      "clearActions": [Function],
      "dispatch": [Function],
      "getActions": [Function],
      "getState": [Function],
      "replaceReducer": [Function],
      "subscribe": [Function],
    }
  }
  storeSubscription={
    Subscription {
      "listeners": Object {
        "notify": [Function],
      },
      "onStateChange": [Function],
      "parentSub": undefined,
      "store": Object {
        "clearActions": [Function],
        "dispatch": [Function],
        "getActions": [Function],
        "getState": [Function],
        "replaceReducer": [Function],
        "subscribe": [Function],
      },
      "unsubscribe": null,
    }
  }
  users={
    Array [
      Object {
        "email": "manolo@gmail.com",
        "gender": "male",
        "name": Object {
          "first": "Manolo",
          "last": "lama",
          "title": "mr",
        },
        "username": "mano",
      },
    ]
  }
  width={3}
/>
`;

exports[`<UserListContainer /> should render with default props 1`] = `
<UserList
  params={
    Object {
      "username": "123",
    }
  }
  router={
    Object {
      "push": [Function],
    }
  }
  showUserProfile={[Function]}
  username="123"
  users={Array []}
  width={3}
/>
`;
