// Jest Snapshot v1, https://goo.gl/fbAQLP

exports[`<WorkshopInfo /> should render with default props 1`] = `
<Paper
  circle={false}
  rounded={true}
  style={
    Object {
      "zIndex": 1,
    }
  }
  transitionEnabled={true}
  zDepth={1}
>
  <div
    style={
      Object {
        "paddingBottom": 0,
      }
    }
  >
    <CardTitle
      title=""
    />
    <CardTitle
      title="Instructors"
    />
    <CardActions />
  </div>
</Paper>
`;
