// Jest Snapshot v1, https://goo.gl/fbAQLP

exports[`<UserProfile /> should render with default props 1`] = `
<Card
  expandable={false}
  expanded={null}
  initiallyExpanded={false}
>
  <CardHeader
    avatar="/images/undefined_sm.jpg"
    title=""
  />
  <CardMedia
    overlay={
      <CardTitle
        subtitle=""
        title=""
      />
    }
  >
    <img
      alt="image_username"
      src="/images/undefined_lg.jpg"
    />
  </CardMedia>
  <CardActions />
</Card>
`;
